INFO: kbplacer_plugin_action.py:73: Plugin version: 0.16
INFO: kbplacer_plugin_action.py:74: Python version: '3.11.5 (main, Nov  6 2025, 07:48:09) [MSC v.1944 64 bit (AMD64)]'
INFO: kbplacer_plugin_action.py:75: KiCad version: 9.0.7 with 4.2.2 msw (phoenix) wxWidgets 3.2.8
INFO: kbplacer_dialog.py:695: Language: en
INFO: kbplacer_plugin_action.py:83: GUI state: {"layout_path": "D:\\Nonwire_keyboad\\Nonwire_keyboard\\numpadlayout.json", "key_distance": [19.05, 19.05], "key_info": {"annotation_format": "SW{}", "position_option": "Default", "position": {"x": 0.0, "y": 0.0, "orientation": 0.0, "side": "Front"}, "template_path": "", "start_index": 1}, "enable_diode_placement": true, "route_switches_with_diodes": true, "optimize_diodes_orientation": false, "diode_info": {"annotation_format": "D{}", "position_option": "Default", "position": {"x": 5.08, "y": 4.0, "orientation": 90.0, "side": "Back"}, "template_path": "", "start_index": -1}, "additional_elements": [{"annotation_format": "ST{}", "position_option": "Custom", "position": {"x": 0.0, "y": 0.0, "orientation": 0.0, "side": "Front"}, "template_path": "", "start_index": -1}], "route_rows_and_columns": true, "template_path": "", "generate_outline": false, "outline_delta": 0.0, "layout_offset": null}
WARNING: key_placer.py:136: Unexpected switch net position detected, each switch should have two unique nets unambiguously defining position in key matrix, switch-by-matrix association can't be used
DEBUG: key_placer.py:143: Switches by nets: {}
DEBUG: key_placer.py:147: Diodes by switch: {'SW16': ['D17'], 'SW17': ['D16'], 'SW12': ['D15'], 'SW13': ['D14'], 'SW14': ['D13'], 'SW15': ['D12'], 'SW11': ['D11'], 'SW10': ['D10'], 'SW9': ['D9'], 'SW5': ['D8'], 'SW6': ['D7'], 'SW7': ['D6'], 'SW8': ['D5'], 'SW4': ['D4'], 'SW3': ['D3'], 'SW2': ['D2'], 'SW1': ['D1']}
INFO: kle_serial.py:1031: User layout: [['Num Lock', '/', '*', '-'], ['7\nHome', '8\n↑', '9\nPgUp', {'h': 2}, '+'], ['4\n←', '5', '6\n→'], ['1\nEnd', '2\n↓', '3\nPgDn', {'h': 2}, 'Enter'], [{'w': 2}, '0\nIns', '.\nDel']]
DEBUG: key_placer.py:755: Using key 1U distance: (19.05, 19.05) mm
DEBUG: key_placer.py:773: Layout offset: (28575000, 28575000)
DEBUG: kle_serial.py:1125: Layout with: x_ortholinear_keys=17, y_ortholinear_keys=17, rotated_keys=0, encoders=0, iso_enters=0 and unrecognized_shape_keys=0
DEBUG: kle_serial.py:1150: Layout tagged: [<KeyboardTag.ORTHOLINEAR: 1>]
DEBUG: board_modifier.py:119: Setting SW1 footprint position: (38100000, 38100000)
DEBUG: board_modifier.py:119: Setting SW2 footprint position: (57150000, 38100000)
DEBUG: board_modifier.py:119: Setting SW3 footprint position: (76200000, 38100000)
DEBUG: board_modifier.py:119: Setting SW4 footprint position: (95250000, 38100000)
DEBUG: board_modifier.py:119: Setting SW5 footprint position: (38100000, 57150000)
DEBUG: board_modifier.py:119: Setting SW6 footprint position: (57150000, 57150000)
DEBUG: board_modifier.py:119: Setting SW7 footprint position: (76200000, 57150000)
DEBUG: board_modifier.py:119: Setting SW8 footprint position: (95250000, 66675000)
DEBUG: board_modifier.py:119: Setting SW9 footprint position: (38100000, 76200000)
DEBUG: board_modifier.py:119: Setting SW10 footprint position: (57150000, 76200000)
DEBUG: board_modifier.py:119: Setting SW11 footprint position: (76200000, 76200000)
DEBUG: board_modifier.py:119: Setting SW12 footprint position: (38100000, 95250000)
DEBUG: board_modifier.py:119: Setting SW13 footprint position: (57150000, 95250000)
DEBUG: board_modifier.py:119: Setting SW14 footprint position: (76200000, 95250000)
DEBUG: board_modifier.py:119: Setting SW15 footprint position: (95250000, 104775000)
DEBUG: board_modifier.py:119: Setting SW16 footprint position: (47625000, 114300000)
DEBUG: board_modifier.py:119: Setting SW17 footprint position: (76200000, 114300000)
INFO: key_placer.py:1173: Diode info: [ElementInfo(annotation_format='D{}', position_option=<PositionOption.DEFAULT: 'Default'>, position=ElementPosition(x=5.08, y=4.0, orientation=90.0, side=<Side.BACK: 'Back'>), template_path='', start_index=-1)]
DEBUG: board_modifier.py:132: Getting SW1 footprint position: (38100000, 38100000)
DEBUG: board_modifier.py:119: Setting D1 footprint position: (43180000, 42100000)
DEBUG: board_modifier.py:132: Getting SW2 footprint position: (57150000, 38100000)
DEBUG: board_modifier.py:119: Setting D2 footprint position: (62230000, 42100000)
DEBUG: board_modifier.py:132: Getting SW3 footprint position: (76200000, 38100000)
DEBUG: board_modifier.py:119: Setting D3 footprint position: (81280000, 42100000)
DEBUG: board_modifier.py:132: Getting SW4 footprint position: (95250000, 38100000)
DEBUG: board_modifier.py:119: Setting D4 footprint position: (100330000, 42100000)
DEBUG: board_modifier.py:132: Getting SW5 footprint position: (38100000, 57150000)
DEBUG: board_modifier.py:119: Setting D8 footprint position: (43180000, 61150000)
DEBUG: board_modifier.py:132: Getting SW6 footprint position: (57150000, 57150000)
DEBUG: board_modifier.py:119: Setting D7 footprint position: (62230000, 61150000)
DEBUG: board_modifier.py:132: Getting SW7 footprint position: (76200000, 57150000)
DEBUG: board_modifier.py:119: Setting D6 footprint position: (81280000, 61150000)
DEBUG: board_modifier.py:132: Getting SW8 footprint position: (95250000, 66675000)
DEBUG: board_modifier.py:119: Setting D5 footprint position: (100330000, 70675000)
DEBUG: board_modifier.py:132: Getting SW9 footprint position: (38100000, 76200000)
DEBUG: board_modifier.py:119: Setting D9 footprint position: (43180000, 80200000)
DEBUG: board_modifier.py:132: Getting SW10 footprint position: (57150000, 76200000)
DEBUG: board_modifier.py:119: Setting D10 footprint position: (62230000, 80200000)
DEBUG: board_modifier.py:132: Getting SW11 footprint position: (76200000, 76200000)
DEBUG: board_modifier.py:119: Setting D11 footprint position: (81280000, 80200000)
DEBUG: board_modifier.py:132: Getting SW12 footprint position: (38100000, 95250000)
DEBUG: board_modifier.py:119: Setting D15 footprint position: (43180000, 99250000)
DEBUG: board_modifier.py:132: Getting SW13 footprint position: (57150000, 95250000)
DEBUG: board_modifier.py:119: Setting D14 footprint position: (62230000, 99250000)
DEBUG: board_modifier.py:132: Getting SW14 footprint position: (76200000, 95250000)
DEBUG: board_modifier.py:119: Setting D13 footprint position: (81280000, 99250000)
DEBUG: board_modifier.py:132: Getting SW15 footprint position: (95250000, 104775000)
DEBUG: board_modifier.py:119: Setting D12 footprint position: (100330000, 108775000)
DEBUG: board_modifier.py:132: Getting SW16 footprint position: (47625000, 114300000)
DEBUG: board_modifier.py:119: Setting D17 footprint position: (52705000, 118300000)
DEBUG: board_modifier.py:132: Getting SW17 footprint position: (76200000, 114300000)
DEBUG: board_modifier.py:119: Setting D16 footprint position: (81280000, 118300000)
DEBUG: board_modifier.py:132: Getting SW18 footprint position: (181000000, 53500000)
DEBUG: key_placer.py:928: Placing additional elements for SW8
DEBUG: board_modifier.py:132: Getting SW8 footprint position: (95250000, 66675000)
DEBUG: board_modifier.py:84: Searching for optional ST8 footprint in D:\Nonwire_keyboad\Nonwire_keyboard\Numpad\Numpad\Numpad.kicad_pcb
DEBUG: board_modifier.py:89: Footprint not found
DEBUG: key_placer.py:928: Placing additional elements for SW15
DEBUG: board_modifier.py:132: Getting SW15 footprint position: (95250000, 104775000)
DEBUG: board_modifier.py:84: Searching for optional ST15 footprint in D:\Nonwire_keyboad\Nonwire_keyboard\Numpad\Numpad\Numpad.kicad_pcb
DEBUG: board_modifier.py:89: Footprint not found
DEBUG: key_placer.py:928: Placing additional elements for SW17
DEBUG: board_modifier.py:132: Getting SW17 footprint position: (76200000, 114300000)
DEBUG: board_modifier.py:84: Searching for optional ST17 footprint in D:\Nonwire_keyboad\Nonwire_keyboard\Numpad\Numpad\Numpad.kicad_pcb
DEBUG: board_modifier.py:89: Footprint not found
DEBUG: key_placer.py:928: Placing additional elements for SW16
DEBUG: board_modifier.py:132: Getting SW16 footprint position: (47625000, 114300000)
DEBUG: board_modifier.py:84: Searching for optional ST16 footprint in D:\Nonwire_keyboad\Nonwire_keyboard\Numpad\Numpad\Numpad.kicad_pcb
DEBUG: board_modifier.py:89: Footprint not found
DEBUG: key_placer.py:928: Placing additional elements for SW18
DEBUG: board_modifier.py:132: Getting SW18 footprint position: (181000000, 53500000)
DEBUG: board_modifier.py:84: Searching for optional ST18 footprint in D:\Nonwire_keyboad\Nonwire_keyboard\Numpad\Numpad\Numpad.kicad_pcb
DEBUG: board_modifier.py:89: Footprint not found
DEBUG: key_placer.py:928: Placing additional elements for SW14
DEBUG: board_modifier.py:132: Getting SW14 footprint position: (76200000, 95250000)
DEBUG: board_modifier.py:84: Searching for optional ST14 footprint in D:\Nonwire_keyboad\Nonwire_keyboard\Numpad\Numpad\Numpad.kicad_pcb
DEBUG: board_modifier.py:89: Footprint not found
DEBUG: key_placer.py:928: Placing additional elements for SW13
DEBUG: board_modifier.py:132: Getting SW13 footprint position: (57150000, 95250000)
DEBUG: board_modifier.py:84: Searching for optional ST13 footprint in D:\Nonwire_keyboad\Nonwire_keyboard\Numpad\Numpad\Numpad.kicad_pcb
DEBUG: board_modifier.py:89: Footprint not found
DEBUG: key_placer.py:928: Placing additional elements for SW12
DEBUG: board_modifier.py:132: Getting SW12 footprint position: (38100000, 95250000)
DEBUG: board_modifier.py:84: Searching for optional ST12 footprint in D:\Nonwire_keyboad\Nonwire_keyboard\Numpad\Numpad\Numpad.kicad_pcb
DEBUG: board_modifier.py:89: Footprint not found
DEBUG: key_placer.py:928: Placing additional elements for SW11
DEBUG: board_modifier.py:132: Getting SW11 footprint position: (76200000, 76200000)
DEBUG: board_modifier.py:84: Searching for optional ST11 footprint in D:\Nonwire_keyboad\Nonwire_keyboard\Numpad\Numpad\Numpad.kicad_pcb
DEBUG: board_modifier.py:89: Footprint not found
DEBUG: key_placer.py:928: Placing additional elements for SW10
DEBUG: board_modifier.py:132: Getting SW10 footprint position: (57150000, 76200000)
DEBUG: board_modifier.py:84: Searching for optional ST10 footprint in D:\Nonwire_keyboad\Nonwire_keyboard\Numpad\Numpad\Numpad.kicad_pcb
DEBUG: board_modifier.py:89: Footprint not found
DEBUG: key_placer.py:928: Placing additional elements for SW9
DEBUG: board_modifier.py:132: Getting SW9 footprint position: (38100000, 76200000)
DEBUG: board_modifier.py:84: Searching for optional ST9 footprint in D:\Nonwire_keyboad\Nonwire_keyboard\Numpad\Numpad\Numpad.kicad_pcb
DEBUG: board_modifier.py:89: Footprint not found
DEBUG: key_placer.py:928: Placing additional elements for SW7
DEBUG: board_modifier.py:132: Getting SW7 footprint position: (76200000, 57150000)
DEBUG: board_modifier.py:84: Searching for optional ST7 footprint in D:\Nonwire_keyboad\Nonwire_keyboard\Numpad\Numpad\Numpad.kicad_pcb
DEBUG: board_modifier.py:89: Footprint not found
DEBUG: key_placer.py:928: Placing additional elements for SW6
DEBUG: board_modifier.py:132: Getting SW6 footprint position: (57150000, 57150000)
DEBUG: board_modifier.py:84: Searching for optional ST6 footprint in D:\Nonwire_keyboad\Nonwire_keyboard\Numpad\Numpad\Numpad.kicad_pcb
DEBUG: board_modifier.py:89: Footprint not found
DEBUG: key_placer.py:928: Placing additional elements for SW5
DEBUG: board_modifier.py:132: Getting SW5 footprint position: (38100000, 57150000)
DEBUG: board_modifier.py:84: Searching for optional ST5 footprint in D:\Nonwire_keyboad\Nonwire_keyboard\Numpad\Numpad\Numpad.kicad_pcb
DEBUG: board_modifier.py:89: Footprint not found
DEBUG: key_placer.py:928: Placing additional elements for SW4
DEBUG: board_modifier.py:132: Getting SW4 footprint position: (95250000, 38100000)
DEBUG: board_modifier.py:84: Searching for optional ST4 footprint in D:\Nonwire_keyboad\Nonwire_keyboard\Numpad\Numpad\Numpad.kicad_pcb
DEBUG: board_modifier.py:89: Footprint not found
DEBUG: key_placer.py:928: Placing additional elements for SW3
DEBUG: board_modifier.py:132: Getting SW3 footprint position: (76200000, 38100000)
DEBUG: board_modifier.py:84: Searching for optional ST3 footprint in D:\Nonwire_keyboad\Nonwire_keyboard\Numpad\Numpad\Numpad.kicad_pcb
DEBUG: board_modifier.py:89: Footprint not found
DEBUG: key_placer.py:928: Placing additional elements for SW2
DEBUG: board_modifier.py:132: Getting SW2 footprint position: (57150000, 38100000)
DEBUG: board_modifier.py:84: Searching for optional ST2 footprint in D:\Nonwire_keyboad\Nonwire_keyboard\Numpad\Numpad\Numpad.kicad_pcb
DEBUG: board_modifier.py:89: Footprint not found
DEBUG: key_placer.py:928: Placing additional elements for SW1
DEBUG: board_modifier.py:132: Getting SW1 footprint position: (38100000, 38100000)
DEBUG: board_modifier.py:84: Searching for optional ST1 footprint in D:\Nonwire_keyboad\Nonwire_keyboard\Numpad\Numpad\Numpad.kicad_pcb
DEBUG: board_modifier.py:89: Footprint not found
INFO: key_placer.py:483: Routing SW8 with D5
INFO: key_placer.py:485: Using internal autorouter method
DEBUG: board_modifier.py:578: Routing at F.Cu layer
DEBUG: board_modifier.py:595: Netclass: Default, track width: 200000
DEBUG: board_modifier.py:658: Routing pad 'SW8:2' at (97790000, 61595000) with pad 'D5:2' at (100330000, 63055000) using coordinate system rotated by 0 degree(s)
INFO: board_modifier.py:494: Adding track segment (F.Cu): [(97790000, 61595000), (98870000, 61595000)]
INFO: board_modifier.py:499: Track added
INFO: board_modifier.py:494: Adding track segment (F.Cu): [(98870000, 61595000), (100330000, 63055000)]
INFO: board_modifier.py:499: Track added
INFO: key_placer.py:483: Routing SW15 with D12
INFO: key_placer.py:485: Using internal autorouter method
DEBUG: board_modifier.py:578: Routing at F.Cu layer
DEBUG: board_modifier.py:595: Netclass: Default, track width: 200000
DEBUG: board_modifier.py:658: Routing pad 'SW15:2' at (97790000, 99695000) with pad 'D12:2' at (100330000, 101155000) using coordinate system rotated by 0 degree(s)
INFO: board_modifier.py:494: Adding track segment (F.Cu): [(97790000, 99695000), (98870000, 99695000)]
INFO: board_modifier.py:499: Track added
INFO: board_modifier.py:494: Adding track segment (F.Cu): [(98870000, 99695000), (100330000, 101155000)]
INFO: board_modifier.py:499: Track added
INFO: key_placer.py:483: Routing SW17 with D16
INFO: key_placer.py:485: Using internal autorouter method
DEBUG: board_modifier.py:578: Routing at F.Cu layer
DEBUG: board_modifier.py:595: Netclass: Default, track width: 200000
DEBUG: board_modifier.py:658: Routing pad 'SW17:2' at (78740000, 109220000) with pad 'D16:2' at (81280000, 110680000) using coordinate system rotated by 0 degree(s)
INFO: board_modifier.py:494: Adding track segment (F.Cu): [(78740000, 109220000), (79820000, 109220000)]
INFO: board_modifier.py:499: Track added
INFO: board_modifier.py:494: Adding track segment (F.Cu): [(79820000, 109220000), (81280000, 110680000)]
INFO: board_modifier.py:499: Track added
INFO: key_placer.py:483: Routing SW16 with D17
INFO: key_placer.py:485: Using internal autorouter method
DEBUG: board_modifier.py:578: Routing at F.Cu layer
DEBUG: board_modifier.py:595: Netclass: Default, track width: 200000
DEBUG: board_modifier.py:658: Routing pad 'SW16:2' at (50165000, 109220000) with pad 'D17:2' at (52705000, 110680000) using coordinate system rotated by 0 degree(s)
INFO: board_modifier.py:494: Adding track segment (F.Cu): [(50165000, 109220000), (51245000, 109220000)]
INFO: board_modifier.py:499: Track added
INFO: board_modifier.py:494: Adding track segment (F.Cu): [(51245000, 109220000), (52705000, 110680000)]
INFO: board_modifier.py:499: Track added
INFO: key_placer.py:483: Routing SW14 with D13
INFO: key_placer.py:485: Using internal autorouter method
DEBUG: board_modifier.py:578: Routing at F.Cu layer
DEBUG: board_modifier.py:595: Netclass: Default, track width: 200000
DEBUG: board_modifier.py:658: Routing pad 'SW14:2' at (78740000, 90170000) with pad 'D13:2' at (81280000, 91630000) using coordinate system rotated by 0 degree(s)
INFO: board_modifier.py:494: Adding track segment (F.Cu): [(78740000, 90170000), (79820000, 90170000)]
INFO: board_modifier.py:499: Track added
INFO: board_modifier.py:494: Adding track segment (F.Cu): [(79820000, 90170000), (81280000, 91630000)]
INFO: board_modifier.py:499: Track added
INFO: key_placer.py:483: Routing SW13 with D14
INFO: key_placer.py:485: Using internal autorouter method
DEBUG: board_modifier.py:578: Routing at F.Cu layer
DEBUG: board_modifier.py:595: Netclass: Default, track width: 200000
DEBUG: board_modifier.py:658: Routing pad 'SW13:2' at (59690000, 90170000) with pad 'D14:2' at (62230000, 91630000) using coordinate system rotated by 0 degree(s)
INFO: board_modifier.py:494: Adding track segment (F.Cu): [(59690000, 90170000), (60770000, 90170000)]
INFO: board_modifier.py:499: Track added
INFO: board_modifier.py:494: Adding track segment (F.Cu): [(60770000, 90170000), (62230000, 91630000)]
INFO: board_modifier.py:499: Track added
INFO: key_placer.py:483: Routing SW12 with D15
INFO: key_placer.py:485: Using internal autorouter method
DEBUG: board_modifier.py:578: Routing at F.Cu layer
DEBUG: board_modifier.py:595: Netclass: Default, track width: 200000
DEBUG: board_modifier.py:658: Routing pad 'SW12:2' at (40640000, 90170000) with pad 'D15:2' at (43180000, 91630000) using coordinate system rotated by 0 degree(s)
INFO: board_modifier.py:494: Adding track segment (F.Cu): [(40640000, 90170000), (41720000, 90170000)]
INFO: board_modifier.py:499: Track added
INFO: board_modifier.py:494: Adding track segment (F.Cu): [(41720000, 90170000), (43180000, 91630000)]
INFO: board_modifier.py:499: Track added
INFO: key_placer.py:483: Routing SW11 with D11
INFO: key_placer.py:485: Using internal autorouter method
DEBUG: board_modifier.py:578: Routing at F.Cu layer
DEBUG: board_modifier.py:595: Netclass: Default, track width: 200000
DEBUG: board_modifier.py:658: Routing pad 'SW11:2' at (78740000, 71120000) with pad 'D11:2' at (81280000, 72580000) using coordinate system rotated by 0 degree(s)
INFO: board_modifier.py:494: Adding track segment (F.Cu): [(78740000, 71120000), (79820000, 71120000)]
INFO: board_modifier.py:499: Track added
INFO: board_modifier.py:494: Adding track segment (F.Cu): [(79820000, 71120000), (81280000, 72580000)]
INFO: board_modifier.py:499: Track added
INFO: key_placer.py:483: Routing SW10 with D10
INFO: key_placer.py:485: Using internal autorouter method
DEBUG: board_modifier.py:578: Routing at F.Cu layer
DEBUG: board_modifier.py:595: Netclass: Default, track width: 200000
DEBUG: board_modifier.py:658: Routing pad 'SW10:2' at (59690000, 71120000) with pad 'D10:2' at (62230000, 72580000) using coordinate system rotated by 0 degree(s)
INFO: board_modifier.py:494: Adding track segment (F.Cu): [(59690000, 71120000), (60770000, 71120000)]
INFO: board_modifier.py:499: Track added
INFO: board_modifier.py:494: Adding track segment (F.Cu): [(60770000, 71120000), (62230000, 72580000)]
INFO: board_modifier.py:499: Track added
INFO: key_placer.py:483: Routing SW9 with D9
INFO: key_placer.py:485: Using internal autorouter method
DEBUG: board_modifier.py:578: Routing at F.Cu layer
DEBUG: board_modifier.py:595: Netclass: Default, track width: 200000
DEBUG: board_modifier.py:658: Routing pad 'SW9:2' at (40640000, 71120000) with pad 'D9:2' at (43180000, 72580000) using coordinate system rotated by 0 degree(s)
INFO: board_modifier.py:494: Adding track segment (F.Cu): [(40640000, 71120000), (41720000, 71120000)]
INFO: board_modifier.py:499: Track added
INFO: board_modifier.py:494: Adding track segment (F.Cu): [(41720000, 71120000), (43180000, 72580000)]
INFO: board_modifier.py:499: Track added
INFO: key_placer.py:483: Routing SW7 with D6
INFO: key_placer.py:485: Using internal autorouter method
DEBUG: board_modifier.py:578: Routing at F.Cu layer
DEBUG: board_modifier.py:595: Netclass: Default, track width: 200000
DEBUG: board_modifier.py:658: Routing pad 'SW7:2' at (78740000, 52070000) with pad 'D6:2' at (81280000, 53530000) using coordinate system rotated by 0 degree(s)
INFO: board_modifier.py:494: Adding track segment (F.Cu): [(78740000, 52070000), (79820000, 52070000)]
INFO: board_modifier.py:499: Track added
INFO: board_modifier.py:494: Adding track segment (F.Cu): [(79820000, 52070000), (81280000, 53530000)]
INFO: board_modifier.py:499: Track added
INFO: key_placer.py:483: Routing SW6 with D7
INFO: key_placer.py:485: Using internal autorouter method
DEBUG: board_modifier.py:578: Routing at F.Cu layer
DEBUG: board_modifier.py:595: Netclass: Default, track width: 200000
DEBUG: board_modifier.py:658: Routing pad 'SW6:2' at (59690000, 52070000) with pad 'D7:2' at (62230000, 53530000) using coordinate system rotated by 0 degree(s)
INFO: board_modifier.py:494: Adding track segment (F.Cu): [(59690000, 52070000), (60770000, 52070000)]
INFO: board_modifier.py:499: Track added
INFO: board_modifier.py:494: Adding track segment (F.Cu): [(60770000, 52070000), (62230000, 53530000)]
INFO: board_modifier.py:499: Track added
INFO: key_placer.py:483: Routing SW5 with D8
INFO: key_placer.py:485: Using internal autorouter method
DEBUG: board_modifier.py:578: Routing at F.Cu layer
DEBUG: board_modifier.py:595: Netclass: Default, track width: 200000
DEBUG: board_modifier.py:658: Routing pad 'SW5:2' at (40640000, 52070000) with pad 'D8:2' at (43180000, 53530000) using coordinate system rotated by 0 degree(s)
INFO: board_modifier.py:494: Adding track segment (F.Cu): [(40640000, 52070000), (41720000, 52070000)]
INFO: board_modifier.py:499: Track added
INFO: board_modifier.py:494: Adding track segment (F.Cu): [(41720000, 52070000), (43180000, 53530000)]
INFO: board_modifier.py:499: Track added
INFO: key_placer.py:483: Routing SW4 with D4
INFO: key_placer.py:485: Using internal autorouter method
DEBUG: board_modifier.py:578: Routing at F.Cu layer
DEBUG: board_modifier.py:595: Netclass: Default, track width: 200000
DEBUG: board_modifier.py:658: Routing pad 'SW4:2' at (97790000, 33020000) with pad 'D4:2' at (100330000, 34480000) using coordinate system rotated by 0 degree(s)
INFO: board_modifier.py:494: Adding track segment (F.Cu): [(97790000, 33020000), (98870000, 33020000)]
INFO: board_modifier.py:499: Track added
INFO: board_modifier.py:494: Adding track segment (F.Cu): [(98870000, 33020000), (100330000, 34480000)]
INFO: board_modifier.py:499: Track added
INFO: key_placer.py:483: Routing SW3 with D3
INFO: key_placer.py:485: Using internal autorouter method
DEBUG: board_modifier.py:578: Routing at F.Cu layer
DEBUG: board_modifier.py:595: Netclass: Default, track width: 200000
DEBUG: board_modifier.py:658: Routing pad 'SW3:2' at (78740000, 33020000) with pad 'D3:2' at (81280000, 34480000) using coordinate system rotated by 0 degree(s)
INFO: board_modifier.py:494: Adding track segment (F.Cu): [(78740000, 33020000), (79820000, 33020000)]
INFO: board_modifier.py:499: Track added
INFO: board_modifier.py:494: Adding track segment (F.Cu): [(79820000, 33020000), (81280000, 34480000)]
INFO: board_modifier.py:499: Track added
INFO: key_placer.py:483: Routing SW2 with D2
INFO: key_placer.py:485: Using internal autorouter method
DEBUG: board_modifier.py:578: Routing at F.Cu layer
DEBUG: board_modifier.py:595: Netclass: Default, track width: 200000
DEBUG: board_modifier.py:658: Routing pad 'SW2:2' at (59690000, 33020000) with pad 'D2:2' at (62230000, 34480000) using coordinate system rotated by 0 degree(s)
INFO: board_modifier.py:494: Adding track segment (F.Cu): [(59690000, 33020000), (60770000, 33020000)]
INFO: board_modifier.py:499: Track added
INFO: board_modifier.py:494: Adding track segment (F.Cu): [(60770000, 33020000), (62230000, 34480000)]
INFO: board_modifier.py:499: Track added
INFO: key_placer.py:483: Routing SW1 with D1
INFO: key_placer.py:485: Using internal autorouter method
DEBUG: board_modifier.py:578: Routing at F.Cu layer
DEBUG: board_modifier.py:595: Netclass: Default, track width: 200000
DEBUG: board_modifier.py:658: Routing pad 'SW1:2' at (40640000, 33020000) with pad 'D1:2' at (43180000, 34480000) using coordinate system rotated by 0 degree(s)
INFO: board_modifier.py:494: Adding track segment (F.Cu): [(40640000, 33020000), (41720000, 33020000)]
INFO: board_modifier.py:499: Track added
INFO: board_modifier.py:494: Adding track segment (F.Cu): [(41720000, 33020000), (43180000, 34480000)]
INFO: board_modifier.py:499: Track added
INFO: key_placer.py:517: Removing dangling tracks
